---
FEED '\x1b[1;2H'
character='\x1b'
sequence='\x1b['
sequence='\x1b[1'
sequence='\x1b[1;'
sequence='\x1b[1;2'
sequence='\x1b[1;2H'
Key(key='shift+home', character=None, name='shift_home', is_printable=False)
---
FEED '\x1b[1;2F'
character='\x1b'
sequence='\x1b['
sequence='\x1b[1'
sequence='\x1b[1;'
sequence='\x1b[1;2'
sequence='\x1b[1;2F'
Key(key='shift+end', character=None, name='shift_end', is_printable=False)
---
FEED '\x1b[1;10D'
character='\x1b'
sequence='\x1b['
sequence='\x1b[1'
sequence='\x1b[1;'
sequence='\x1b[1;1'
sequence='\x1b[1;10'
sequence='\x1b[1;10D'
Key(key='shift+super+left', character=None, name='shift_super_left', is_printable=False)
---
FEED '\x1b[1;10C'
character='\x1b'
sequence='\x1b['
sequence='\x1b[1'
sequence='\x1b[1;'
sequence='\x1b[1;1'
sequence='\x1b[1;10'
sequence='\x1b[1;10C'
Key(key='shift+super+right', character=None, name='shift_super_right', is_printable=False)
---
FEED '\x1b[57417;10u'
character='\x1b'
sequence='\x1b['
sequence='\x1b[5'
sequence='\x1b[57'
sequence='\x1b[574'
sequence='\x1b[5741'
sequence='\x1b[57417'
sequence='\x1b[57417;'
sequence='\x1b[57417;1'
sequence='\x1b[57417;10'
sequence='\x1b[57417;10u'
Key(key='shift+super+left', character=None, name='shift_super_left', is_printable=False)
---
FEED '\x1b[57418;10u'
character='\x1b'
sequence='\x1b['
sequence='\x1b[5'
sequence='\x1b[57'
sequence='\x1b[574'
sequence='\x1b[5741'
sequence='\x1b[57418'
sequence='\x1b[57418;'
sequence='\x1b[57418;1'
sequence='\x1b[57418;10'
sequence='\x1b[57418;10u'
Key(key='shift+super+right', character=None, name='shift_super_right', is_printable=False)
